IQ-TREE version 3.1.2 for Windows 64-bit built May  8 2026
Developed by Bui Quang Minh, Thomas Wong, Nhan Ly-Trong, Huaiyan Ren
Contributed by Lam-Tung Nguyen, Dominik Schrempf, Chris Bielow,
Olga Chernomor, Michael Woodhams, Diep Thi Hoang, Heiko Schmidt

Host:    kindi (AVX2, FMA3, 15 GB RAM)
Command: iqtree3.exe -s H5NA.fas -m MF
Seed:    65045 (Using SPRNG - Scalable Parallel Random Number Generator)
Time:    Sat May 16 00:13:59 2026
Kernel:  AVX+FMA - 1 threads (8 CPU cores detected)

HINT: Use -nt option to specify number of threads because your CPU has 8 cores!
HINT: -nt AUTO will automatically determine the best number of threads to use.

Reading alignment file H5NA.fas ... Fasta format detected
Reading fasta file: done in 0.0111703 secs
Alignment most likely contains DNA/RNA sequences
Constructing alignment: done in 0.0088047 secs
Alignment has 46 sequences with 13635 columns, 678 distinct patterns
503 parsimony-informative, 920 singleton sites, 12212 constant sites
           Gap/Ambiguity  Composition  p-value
Analyzing sequences: done in 9.88e-005 secs
   1  sample_1     0.00%    passed     99.92%
   2  sample_2     0.00%    passed     99.90%
   3  sample_3     0.00%    passed     99.97%
   4  sample_4     0.00%    passed     99.96%
   5  sample_5     0.00%    passed     99.94%
   6  sample_6     0.00%    passed     99.63%
   7  sample_7     0.00%    passed     99.80%
   8  sample_8     0.00%    passed     99.70%
   9  sample_9     0.00%    passed     99.52%
  10  sample_10    0.00%    passed     99.68%
  11  sample_11    0.00%    passed     99.99%
  12  sample_12    0.00%    passed     99.97%
  13  sample_13    0.00%    passed     99.84%
  14  sample_14    0.00%    passed     99.72%
  15  sample_15    0.00%    passed     99.68%
  16  sample_16    0.00%    passed     99.87%
  17  sample_17    0.00%    passed     99.66%
  18  sample_18    0.00%    passed     99.89%
  19  sample_19    0.00%    passed     99.89%
  20  sample_20    0.00%    passed     99.11%
  21  sample_21    0.00%    passed     99.78%
  22  sample_22    0.00%    passed     99.88%
  23  sample_23    0.00%    passed     99.81%
  24  sample_24    0.00%    passed     99.71%
  25  sample_25    0.00%    passed     99.80%
  26  sample_26    0.00%    passed     99.93%
  27  sample_27    0.00%    passed     99.97%
  28  sample_28    0.00%    passed     99.95%
  29  sample_29    0.00%    passed     99.83%
  30  sample_30    0.00%    passed     99.94%
  31  sample_31    0.00%    passed     99.80%
  32  sample_32    0.00%    passed     99.89%
  33  sample_33    0.00%    passed     99.93%
  34  sample_34    0.00%    passed     99.98%
  35  sample_35    0.00%    passed     99.84%
  36  sample_36    0.00%    passed     99.87%
  37  sample_37    0.00%    passed     99.89%
  38  sample_38    0.00%    passed     99.81%
  39  sample_39    0.00%    passed     99.97%
  40  sample_40    0.00%    passed     99.81%
  41  sample_41    0.00%    passed     99.87%
  42  sample_42    0.00%    passed     99.92%
  43  sample_43    0.00%    passed     99.67%
  44  sample_44    0.00%    passed     99.50%
  45  sample_45    0.00%    passed     99.73%
  46  sample_46    0.00%    passed     99.72%
****  TOTAL        0.00%  0 sequences failed composition chi2 test (p-value<5%; df=3)
Checking for duplicate sequences: done in 0.0001083 secs


Create initial parsimony tree by phylogenetic likelihood library (PLL)... 0.010 seconds
Perform fast likelihood tree search using GTR+I+G model...
Estimate model parameters (epsilon = 5.000)
Perform nearest neighbor interchange...
Estimate model parameters (epsilon = 1.000)
1. Initial log-likelihood: -31776.989
Optimal log-likelihood: -31776.988
Rate parameters:  A-C: 0.91356  A-G: 0.84834  A-T: 1.00177  C-G: 1.01581  C-T: 1.00484  G-T: 1.00000
Base frequencies:  A: 0.245  C: 0.253  G: 0.250  T: 0.252
Proportion of invariable sites: 0.447
Gamma shape alpha: 5.974
Parameters optimization took 1 rounds (0.034 sec)
Time for fast ML tree search: 0.131 seconds

NOTE: ModelFinder requires 10 MB RAM!
ModelFinder will test up to 968 DNA models (sample size: 13635 epsilon: 0.100) ...
 No. Model         -LnL         df  AIC          AICc         BIC
  1  JC            31819.946    89  63817.891    63819.074    64487.206
  2  JC+I          31781.834    90  63743.667    63744.877    64420.503
  3  JC+G4         31781.456    90  63742.913    63744.122    64419.748
  4  JC+I+G4       31781.576    91  63745.151    63746.387    64429.507
  5  JC+R2         31784.335    91  63750.671    63751.907    64435.027
  6  JC+R3         31781.631    93  63749.261    63750.552    64448.658
 14  JC+I+R2       31781.817    92  63747.635    63748.898    64439.511
 15  JC+I+R3       31781.609    94  63751.219    63752.538    64458.136
 24  JC+I          31781.834    90  63743.667    63744.877    64420.503
 25  JC+G4         31781.456    90  63742.913    63744.122    64419.748
 26  JC+I+G4       31781.576    91  63745.151    63746.387    64429.507
 46  F81+I         31781.845    90  63743.690    63744.899    64420.526
 47  F81+G4        31781.468    90  63742.935    63744.145    64419.771
 48  F81+I+G4      31781.587    91  63745.173    63746.410    64429.529
 68  F81+F+I       31780.521    93  63747.043    63748.334    64446.440
 69  F81+F+G4      31780.145    93  63746.290    63747.582    64445.687
 70  F81+F+I+G4    31780.263    94  63748.526    63749.845    64455.443
 90  K2P+I         31781.280    91  63744.560    63745.796    64428.916
 91  K2P+G4        31780.903    91  63743.806    63745.042    64428.162
 92  K2P+I+G4      31781.022    92  63746.044    63747.307    64437.920
112  K2P+I         31781.280    91  63744.560    63745.796    64428.916
113  K2P+G4        31780.903    91  63743.806    63745.042    64428.162
114  K2P+I+G4      31781.022    92  63746.044    63747.307    64437.920
134  HKY+I         31781.280    91  63744.560    63745.796    64428.916
135  HKY+G4        31780.903    91  63743.806    63745.042    64428.162
136  HKY+I+G4      31781.022    92  63746.044    63747.307    64437.920
156  HKY+F+I       31779.952    94  63747.903    63749.222    64454.820
157  HKY+F+G4      31779.576    94  63747.151    63748.470    64454.069
158  HKY+F+I+G4    31779.693    95  63749.387    63750.734    64463.824
178  TNe+I         31779.018    92  63742.036    63743.300    64433.912
179  TNe+G4        31778.629    92  63741.258    63742.522    64433.134
180  TNe+I+G4      31778.756    93  63743.512    63744.803    64442.909
200  TNe+I         31779.018    92  63742.036    63743.300    64433.912
201  TNe+G4        31778.629    92  63741.258    63742.522    64433.134
202  TNe+I+G4      31778.756    93  63743.512    63744.803    64442.909
222  TN+I          31779.018    92  63742.036    63743.300    64433.912
223  TN+G4         31778.629    92  63741.258    63742.522    64433.134
224  TN+I+G4       31778.756    93  63743.512    63744.803    64442.909
244  TN+F+I        31778.178    95  63746.356    63747.703    64460.794
245  TN+F+G4       31777.792    95  63745.585    63746.932    64460.022
246  TN+F+I+G4     31777.917    96  63747.834    63749.210    64469.792
266  K3P+I         31780.913    92  63745.827    63747.091    64437.703
267  K3P+G4        31780.537    92  63745.074    63746.337    64436.950
268  K3P+I+G4      31780.655    93  63747.311    63748.602    64446.707
288  K3P+I         31780.913    92  63745.827    63747.091    64437.703
289  K3P+G4        31780.537    92  63745.074    63746.337    64436.950
290  K3P+I+G4      31780.655    93  63747.311    63748.602    64446.707
310  K3Pu+I        31780.914    92  63745.827    63747.091    64437.703
311  K3Pu+G4       31780.537    92  63745.074    63746.337    64436.950
312  K3Pu+I+G4     31780.655    93  63747.311    63748.602    64446.707
332  K3Pu+F+I      31779.586    95  63749.171    63750.518    64463.609
333  K3Pu+F+G4     31779.210    95  63748.420    63749.767    64462.857
334  K3Pu+F+I+G4   31779.327    96  63750.655    63752.030    64472.613
354  TPM2+I        31780.775    92  63745.550    63746.814    64437.427
355  TPM2+G4       31780.399    92  63744.797    63746.061    64436.673
356  TPM2+I+G4     31780.518    93  63747.037    63748.328    64446.433
376  TPM2+I        31780.775    92  63745.550    63746.814    64437.427
377  TPM2+G4       31780.399    92  63744.797    63746.061    64436.673
378  TPM2+I+G4     31780.518    93  63747.037    63748.328    64446.434
398  TPM2u+I       31780.775    92  63745.550    63746.814    64437.427
399  TPM2u+G4      31780.399    92  63744.797    63746.061    64436.673
400  TPM2u+I+G4    31780.518    93  63747.037    63748.328    64446.433
420  TPM2u+F+I     31779.598    95  63749.197    63750.544    64463.634
421  TPM2u+F+G4    31779.221    95  63748.441    63749.788    64462.879
422  TPM2u+F+I+G4  31779.338    96  63750.677    63752.053    64472.635
442  TPM3+I        31781.117    92  63746.235    63747.499    64438.111
443  TPM3+G4       31780.753    92  63745.505    63746.769    64437.381
444  TPM3+I+G4     31780.865    93  63747.730    63749.021    64447.127
464  TPM3+I        31781.117    92  63746.235    63747.499    64438.111
465  TPM3+G4       31780.753    92  63745.505    63746.769    64437.381
466  TPM3+I+G4     31780.865    93  63747.730    63749.021    64447.127
486  TPM3u+I       31781.117    92  63746.234    63747.497    64438.110
487  TPM3u+G4      31780.752    92  63745.505    63746.768    64437.381
488  TPM3u+I+G4    31780.865    93  63747.729    63749.020    64447.126
508  TPM3u+F+I     31779.767    95  63749.534    63750.882    64463.972
509  TPM3u+F+G4    31779.404    95  63748.808    63750.156    64463.246
510  TPM3u+F+I+G4  31779.515    96  63751.030    63752.406    64472.988
530  TIMe+I        31778.652    93  63743.303    63744.594    64442.700
531  TIMe+G4       31778.263    93  63742.525    63743.817    64441.922
532  TIMe+I+G4     31778.389    94  63744.779    63746.098    64451.696
552  TIMe+I        31778.652    93  63743.303    63744.594    64442.700
553  TIMe+G4       31778.263    93  63742.525    63743.817    64441.922
554  TIMe+I+G4     31778.389    94  63744.779    63746.098    64451.696
574  TIM+I         31778.652    93  63743.303    63744.594    64442.700
575  TIM+G4        31778.263    93  63742.525    63743.817    64441.922
576  TIM+I+G4      31778.389    94  63744.779    63746.098    64451.696
596  TIM+F+I       31777.825    96  63747.651    63749.026    64469.609
597  TIM+F+G4      31777.440    96  63746.880    63748.255    64468.838
598  TIM+F+I+G4    31777.564    97  63749.129    63750.533    64478.607
618  TIM2e+I       31778.514    93  63743.027    63744.318    64442.424
619  TIM2e+G4      31778.125    93  63742.250    63743.541    64441.647
620  TIM2e+I+G4    31778.253    94  63744.506    63745.825    64451.423
640  TIM2e+I       31778.514    93  63743.027    63744.318    64442.424
641  TIM2e+G4      31778.125    93  63742.250    63743.541    64441.647
642  TIM2e+I+G4    31778.253    94  63744.506    63745.825    64451.423
662  TIM2+I        31778.514    93  63743.027    63744.318    64442.424
663  TIM2+G4       31778.125    93  63742.250    63743.541    64441.647
664  TIM2+I+G4     31778.253    94  63744.506    63745.825    64451.423
684  TIM2+F+I      31777.824    96  63747.648    63749.024    64469.606
685  TIM2+F+G4     31777.439    96  63746.878    63748.254    64468.836
686  TIM2+F+I+G4   31777.565    97  63749.129    63750.534    64478.608
706  TIM3e+I       31778.868    93  63743.737    63745.028    64443.133
707  TIM3e+G4      31778.481    93  63742.962    63744.253    64442.359
708  TIM3e+I+G4    31778.599    94  63745.199    63746.518    64452.116
728  TIM3e+I       31778.868    93  63743.737    63745.028    64443.133
729  TIM3e+G4      31778.481    93  63742.962    63744.253    64442.359
730  TIM3e+I+G4    31778.599    94  63745.199    63746.518    64452.116
750  TIM3+I        31778.859    93  63743.718    63745.009    64443.114
751  TIM3+G4       31778.479    93  63742.958    63744.249    64442.355
752  TIM3+I+G4     31778.599    94  63745.198    63746.517    64452.115
772  TIM3+F+I      31777.994    96  63747.989    63749.365    64469.947
773  TIM3+F+G4     31777.626    96  63747.252    63748.628    64469.210
774  TIM3+F+I+G4   31777.745    97  63749.491    63750.895    64478.969
794  TVMe+I        31780.227    94  63748.454    63749.773    64455.371
795  TVMe+G4       31779.863    94  63747.726    63749.045    64454.643
796  TVMe+I+G4     31779.976    95  63749.952    63751.300    64464.390
816  TVMe+I        31780.227    94  63748.454    63749.773    64455.371
817  TVMe+G4       31779.863    94  63747.726    63749.045    64454.643
818  TVMe+I+G4     31779.976    95  63749.952    63751.300    64464.390
838  TVM+I         31780.227    94  63748.454    63749.773    64455.371
839  TVM+G4        31779.863    94  63747.725    63749.045    64454.643
840  TVM+I+G4      31779.976    95  63749.952    63751.299    64464.389
860  TVM+F+I       31779.034    97  63752.067    63753.472    64481.546
861  TVM+F+G4      31778.671    97  63751.342    63752.747    64480.821
862  TVM+F+I+G4    31778.783    98  63753.566    63755.000    64490.565
882  SYM+I         31777.969    95  63745.939    63747.286    64460.376
883  SYM+G4        31777.595    95  63745.189    63746.536    64459.627
884  SYM+I+G4      31777.715    96  63747.431    63748.806    64469.388
904  SYM+I         31777.969    95  63745.939    63747.286    64460.376
905  SYM+G4        31777.595    95  63745.189    63746.536    64459.627
906  SYM+I+G4      31777.715    96  63747.431    63748.806    64469.388
926  GTR+I         31777.967    95  63745.933    63747.280    64460.371
927  GTR+G4        31777.591    95  63745.183    63746.530    64459.620
928  GTR+I+G4      31777.712    96  63747.425    63748.800    64469.383
948  GTR+F+I       31777.253    98  63750.506    63751.940    64487.505
949  GTR+F+G4      31776.882    98  63749.764    63751.197    64486.762
950  GTR+F+I+G4    31776.998    99  63751.997    63753.460    64496.516
Akaike Information Criterion:           TNe+G4
Corrected Akaike Information Criterion: TNe+G4
Bayesian Information Criterion:         JC+G4
Best-fit model: JC+G4 chosen according to BIC

All model information printed to H5NA.fas.model.gz
CPU time for ModelFinder: 2.562 seconds (0h:0m:2s)
Wall-clock time for ModelFinder: 3.292 seconds (0h:0m:3s)

NOTE: 4 MB RAM (0 GB) is required!
Estimate model parameters (epsilon = 0.010)
1. Initial log-likelihood: -31781.468
Optimal log-likelihood: -31781.468
Rate parameters:  A-C: 1.00000  A-G: 1.00000  A-T: 1.00000  C-G: 1.00000  C-T: 1.00000  G-T: 1.00000
Base frequencies:  A: 0.250  C: 0.250  G: 0.250  T: 0.250
Gamma shape alpha: 0.629
Parameters optimization took 1 rounds (0.019 sec)
Wrote distance file to... 
BEST SCORE FOUND : -31781.468
Total tree length: 0.117

Total number of iterations: 0
CPU time used for tree search: 0.000 sec (0h:0m:0s)
Wall-clock time used for tree search: 0.000 sec (0h:0m:0s)
Total CPU time used: 2.609 sec (0h:0m:2s)
Total wall-clock time used: 3.339 sec (0h:0m:3s)

Analysis results written to: 
  IQ-TREE report:                H5NA.fas.iqtree
  Tree used for ModelFinder:     H5NA.fas.treefile
  Screen log file:               H5NA.fas.log

Date and Time: Sat May 16 00:14:02 2026
